// Vitest Snapshot v1, https://vitest.dev/guide/snapshot.html

exports[`buildBook > matches the golden snapshot 1`] = `
{
  "beasts": [
    {
      "description": "2 runs that quit before a kilometer, shortest just 0.4 km.",
      "kind": "false-start",
      "name": "Two Steps and a Shrug",
    },
    {
      "description": "2 runs after the dark had already signed off, latest at 00:45.",
      "kind": "night",
      "name": "The 00:45",
    },
    {
      "description": "40 days without a single footfall.",
      "kind": "quiet",
      "name": "The Small Quiet",
    },
    {
      "description": "A 60 m climb, met 4 times, and never once forgiven.",
      "kind": "hill",
      "name": "Mount Second Thoughts",
    },
    {
      "description": "300 m of climb the ground never actually had.",
      "kind": "ghost",
      "name": "The Turnaround",
    },
  ],
  "chapters": [
    {
      "atmosphereTags": [],
      "eventType": "first-run",
      "id": "first-run:1735865100000",
      "kicker": "in which the year begins",
      "mapSpec": null,
      "poem": {
        "form": "verse",
        "id": "first-run/the-hardest-part",
        "lines": [
          {
            "text": "The hardest part of any run",
          },
          {
            "text": "is not the hills. It's not the sun.",
          },
          {
            "text": "It's not the dog on Baxter Street.",
          },
          {
            "text": "It's not your lungs. It's not your feet.",
          },
          {
            "text": "",
          },
          {
            "text": "It's seven steps from couch to door.",
          },
          {
            "text": "I trained a month for those. Maybe more.",
          },
          {
            "text": "The other 3.0 kilometers? Free.",
          },
          {
            "text": "(The couch still hasn't forgiven me.)",
          },
        ],
      },
      "sceneParams": {
        "km": 3,
      },
      "stats": [
        {
          "label": "distance",
          "value": "3.0 km",
        },
        {
          "label": "when",
          "value": "January 3, 06:15",
        },
      ],
      "title": "Day One, More or Less",
    },
    {
      "atmosphereTags": [],
      "eventType": "false-starts",
      "id": "false-starts:1735951800000",
      "kicker": "in which the shoes get put back on",
      "mapSpec": null,
      "poem": {
        "form": "verse",
        "id": "false-starts/shortest-epic",
        "lines": [
          {
            "text": "The bards sing of marathons. Fine. Let them sing.",
          },
          {
            "text": "My epic is shorter. My epic's a spring:",
          },
          {
            "text": "one leap off the porch — form! majesty! grace! —",
          },
          {
            "text": "and a landing (the sprinkler was on) in first place.",
          },
          {
            "text": "",
          },
          {
            "text": "Some medals take hours. Mine took one bound.",
          },
          {
            "text": "The judges (two squirrels) said I "stuck it, then drowned."",
          },
          {
            "text": "An epic's an epic, whatever the length.",
          },
          {
            "text": "(Mine's just very... concentrated. Like strength.)",
          },
        ],
      },
      "sceneParams": {
        "count": 2,
      },
      "stats": [
        {
          "label": "count",
          "value": "2 runs",
        },
        {
          "label": "shortest",
          "value": "0.4 km",
        },
      ],
      "title": "Two Steps and a Shrug",
    },
    {
      "atmosphereTags": [],
      "eventType": "latest-run",
      "id": "latest-run:1737395100000",
      "kicker": "in which the day gets away first",
      "mapSpec": null,
      "poem": {
        "form": "verse",
        "id": "latest-run/note-for-morning-me",
        "lines": [
          {
            "text": "Morning-me won't believe what the night-me has done.",
          },
          {
            "text": "Morning-me will wake yawning, the sleepiest one.",
          },
          {
            "text": "So I'm leaving a note by the bed, in my shoe:",
          },
          {
            "text": ""The 11:15 run happened. Signed: you."",
          },
          {
            "text": "",
          },
          {
            "text": "Because nights disappear like a coin in a well,",
          },
          {
            "text": "and legs remember what mouths never tell,",
          },
          {
            "text": "and when morning-me stretches and wonders why",
          },
          {
            "text": "the sneakers are warm... there's the note. (That's my guy.)",
          },
        ],
      },
      "sceneParams": {},
      "stats": [
        {
          "label": "time",
          "value": "23:15",
        },
        {
          "label": "when",
          "value": "January 20, 23:15",
        },
      ],
      "title": "Later Than Planned",
    },
    {
      "atmosphereTags": [
        "fireflies",
      ],
      "eventType": "night-runs",
      "id": "night-runs:1737395100000",
      "kicker": "in which the dark keeps you company",
      "mapSpec": null,
      "poem": {
        "form": "verse",
        "id": "night-runs/the-dark-door",
        "lines": [
          {
            "text": "Daytime running is public. You wave.",
          },
          {
            "text": "You dodge all the strollers. You mind and behave.",
          },
          {
            "text": "But nighttime running is running UNBOUND:",
          },
          {
            "text": "no audience, no traffic, just you and the sound",
          },
          {
            "text": "of two quiet sneakers applauding the ground.",
          },
          {
            "text": "",
          },
          {
            "text": "2 times I chose the dark door.",
          },
          {
            "text": "(The day thinks I'm lazy. The night knows the score.)",
          },
        ],
      },
      "sceneParams": {
        "count": 2,
      },
      "stats": [
        {
          "label": "nights",
          "value": "2 nights",
        },
        {
          "label": "latest",
          "value": "00:45",
        },
      ],
      "title": "The 00:45",
    },
    {
      "atmosphereTags": [],
      "eventType": "earliest-run",
      "id": "earliest-run:1737400500000",
      "kicker": "in which the dawn is beaten to the punch",
      "mapSpec": null,
      "poem": {
        "form": "verse",
        "id": "earliest-run/the-secret-town",
        "lines": [
          {
            "text": "There's a secret town underneath this one.",
          },
          {
            "text": "It only exists before the day's begun:",
          },
          {
            "text": "the bakery breathing its first warm bread,",
          },
          {
            "text": "the streetlights bowing as they go off to bed,",
          },
          {
            "text": "a cat on patrol with a clipboard stare,",
          },
          {
            "text": "and nobody — nobody — no one else there.",
          },
          {
            "text": "",
          },
          {
            "text": "I'd tell you what time it unlocks... but then",
          },
          {
            "text": "you'd be there. At 12:45. And it's mine till ten.",
          },
        ],
      },
      "sceneParams": {},
      "stats": [
        {
          "label": "time",
          "value": "00:45",
        },
        {
          "label": "when",
          "value": "January 21, 00:45",
        },
      ],
      "title": "Before the Rooster",
    },
    {
      "atmosphereTags": [],
      "eventType": "streak",
      "id": "streak:1738373400000",
      "kicker": "in which the mornings pile up",
      "mapSpec": null,
      "poem": {
        "form": "verse",
        "id": "streak/the-rain-test",
        "lines": [
          {
            "text": "One morning the rain came in curtains and sheets.",
          },
          {
            "text": "The gutters were bragging. The puddles claimed streets.",
          },
          {
            "text": "The couch cleared its throat and said, "Stay! I'm so soft!"",
          },
          {
            "text": "The streak grabbed my laces and hauled me aloft.",
          },
          {
            "text": "",
          },
          {
            "text": "So we went, streak and me, through the wet and the roar,",
          },
          {
            "text": "and came home like something the sea spat ashore.",
          },
          {
            "text": "The couch was still talking. The streak shut the door:",
          },
          {
            "text": ""He's mine until further notice. Don't call anymore."",
          },
        ],
      },
      "sceneParams": {
        "days": 6,
      },
      "stats": [
        {
          "label": "length",
          "value": "6 days",
        },
        {
          "label": "from",
          "value": "February 1",
        },
      ],
      "title": "The Stubborn Streak",
    },
    {
      "atmosphereTags": [],
      "eventType": "quiet",
      "id": "quiet:1738805400000",
      "kicker": "in which nothing happens, loudly",
      "mapSpec": {
        "kind": "route",
        "runId": "r12-quiet-end-fastest",
      },
      "poem": {
        "form": "verse",
        "id": "quiet/naming-the-beast",
        "lines": [
          {
            "text": "Every long silence deserves its own name,",
          },
          {
            "text": "like storms do, like ships do. This one became:",
          },
          {
            "align": "center",
            "text": "The Small Quiet.",
          },
          {
            "text": "Say it out loud. Feel the weight of the blame.",
          },
          {
            "text": "",
          },
          {
            "text": "It measured 40 days, end to end.",
          },
          {
            "text": "It swallowed my sneakers. It bored my best friend.",
          },
          {
            "text": "But naming a thing makes it yours — that's the art.",
          },
          {
            "text": "It's mine now. It sits. It rolls over. (Smart.)",
          },
        ],
      },
      "sceneParams": {
        "days": 40,
      },
      "stats": [
        {
          "label": "silence",
          "value": "40 days",
        },
        {
          "label": "from",
          "value": "February 6, 07:00",
        },
      ],
      "title": "The Small Quiet",
    },
    {
      "atmosphereTags": [],
      "eventType": "fastest-run",
      "id": "fastest-run:1742261400000",
      "kicker": "in which the wind gives up first",
      "mapSpec": {
        "kind": "route",
        "runId": "r12-quiet-end-fastest",
      },
      "poem": {
        "form": "verse",
        "id": "fastest-run/downhill-confession",
        "lines": [
          {
            "text": "The block declared me fastest kid.",
          },
          {
            "text": "I let them cheer. I never hid.",
          },
          {
            "text": "The record's real. The legs are true.",
          },
          {
            "text": "And yet, a fact I'll share with you:",
          },
          {
            "text": "",
          },
          {
            "text": "the whole way back was down a hill.",
          },
          {
            "text": "A big one. And I'm counting it still.",
          },
        ],
      },
      "sceneParams": {
        "km": 5,
        "paceMinPerKm": 4.4,
      },
      "stats": [
        {
          "label": "pace",
          "value": "4:24 /km",
        },
        {
          "label": "distance",
          "value": "5.0 km",
        },
      ],
      "title": "Faster Than the Excuse",
    },
    {
      "atmosphereTags": [],
      "eventType": "journey",
      "id": "journey:1743508800000",
      "kicker": "in which the map gets crowded",
      "mapSpec": {
        "from": {
          "lat": 19.08,
          "lon": 72.88,
          "name": "Mumbai",
        },
        "kind": "flight",
        "km": 13077.115645908163,
        "to": {
          "lat": 40.415,
          "lon": -86.925,
          "name": "Lafayette (Indiana)",
        },
      },
      "poem": {
        "form": "verse",
        "id": "journey/half-the-map",
        "lines": [
          {
            "text": "13077.1 kilometers. HALF THE MAP.",
          },
          {
            "text": "The plane had three dinners, two movies, one nap.",
          },
          {
            "text": "I stepped out the airport, all noodle and yawn,",
          },
          {
            "text": "and the very next morning, I ran on a foreign dawn.",
          },
          {
            "text": "",
          },
          {
            "text": "The other side of Earth! Where the drains swirl reversed!",
          },
          {
            "text": "Where my winter is summer! Where dessert can come first!",
          },
          {
            "text": "And yet when I ran there, the feeling was plain:",
          },
          {
            "text": "(you can flip the whole planet. The kid stays the same.)",
          },
        ],
      },
      "sceneParams": {
        "km": 13077.115645908163,
      },
      "stats": [
        {
          "label": "distance",
          "value": "13077.1 km",
        },
        {
          "label": "when",
          "value": "April 1, 08:00",
        },
      ],
      "title": "A Very Large Commute",
    },
    {
      "atmosphereTags": [],
      "eventType": "hill-beast",
      "id": "hill-beast:1744284600000",
      "kicker": "in which a hill becomes a rival",
      "mapSpec": {
        "kind": "route",
        "runId": "r17-hillroute-4",
      },
      "poem": {
        "form": "verse",
        "id": "hill-beast/my-coach-the-landform",
        "lines": [
          {
            "text": "My coach is a landform. I pay it in sweat.",
          },
          {
            "text": "It's mean and it's steady and doesn't forget.",
          },
          {
            "text": "It never says "nice one." It never says "rest."",
          },
          {
            "text": "It just stands there, slanted, suggesting the test.",
          },
          {
            "text": "",
          },
          {
            "text": "60 meters, 4 sessions to date,",
          },
          {
            "text": "and I hate it the way that you love something great.",
          },
          {
            "text": "One day I'll charge up and it won't feel tall.",
          },
          {
            "text": "(Don't tell it, but that day I'll miss it. That's all.)",
          },
        ],
      },
      "sceneParams": {
        "gainM": 60,
      },
      "stats": [
        {
          "label": "climb",
          "value": "60 m",
        },
        {
          "label": "grade",
          "value": "6.4%",
        },
        {
          "label": "times",
          "value": "4 times",
        },
      ],
      "title": "Mount Second Thoughts",
    },
    {
      "atmosphereTags": [],
      "eventType": "route-champion",
      "id": "route-champion:1744284600000",
      "kicker": "in which one road becomes a habit",
      "mapSpec": {
        "kind": "route",
        "runId": "r17-hillroute-4",
      },
      "poem": {
        "form": "verse",
        "id": "route-champion/the-block-is-talking",
        "lines": [
          {
            "text": "4 times around the same block.",
          },
          {
            "text": "The block has started to talk.",
          },
          {
            "text": "Not loudly. It mutters. A curb-to-curb hum:",
          },
          {
            "text": ""Here comes our kid. Right on time. Here they come."",
          },
          {
            "text": "",
          },
          {
            "text": "The fences all know me. The gates never squeak.",
          },
          {
            "text": "The puddles reflect me my best twice a week.",
          },
          {
            "text": "A stranger once shortcut my loop on a jog.",
          },
          {
            "text": "(The block tripped him gently. You're welcome. — The Dog)",
          },
        ],
      },
      "sceneParams": {
        "count": 4,
        "km": 3.2,
      },
      "stats": [
        {
          "label": "runs",
          "value": "4 times",
        },
        {
          "label": "distance",
          "value": "3.2 km",
        },
      ],
      "title": "The Short Way",
    },
    {
      "atmosphereTags": [],
      "eventType": "ghost-elevation",
      "id": "ghost-elevation:1749123000000",
      "kicker": "in which the watch imagines things",
      "mapSpec": {
        "kind": "route",
        "runId": "r18-ghost-hilliest",
      },
      "poem": {
        "form": "verse",
        "id": "ghost-elevation/entered-in-the-record",
        "lines": [
          {
            "text": "A mountain that vanishes still needs a name —",
          },
          {
            "text": "or how would you prove that it ever became?",
          },
          {
            "text": "So, entered in the record, in permanent pen:",
          },
          {
            "align": "center",
            "text": "The Turnaround.",
          },
          {
            "text": "Elevation: 300. Location: gone. When:",
          },
          {
            "text": "one run, one witness. (The witness was me.)",
          },
          {
            "text": "Some mountains live only in legs. Let them be.",
          },
        ],
      },
      "sceneParams": {
        "gainM": 300,
      },
      "stats": [
        {
          "label": "climb",
          "value": "300 m",
        },
        {
          "label": "when",
          "value": "June 5, 07:30",
        },
      ],
      "title": "The Turnaround",
    },
    {
      "atmosphereTags": [],
      "eventType": "last-run",
      "id": "last-run:1750417200000",
      "kicker": "in which the year comes home",
      "mapSpec": null,
      "poem": {
        "coda": [
          {
            "text": "P.S. The Quiet showed up as I got to my door —",
          },
          {
            "text": "not to take back the street. Just to hear one run more.",
          },
        ],
        "form": "verse",
        "id": "last-run/noise-for-the-winter",
        "lines": [
          {
            "text": "I ran the last one nice and loud —",
          },
          {
            "text": "big breaths, big steps — I hummed, I bowed,",
          },
          {
            "text": "I smacked the stop sign, slapped the rail,",
          },
          {
            "text": "and left a racket on the trail,",
          },
          {
            "text": "",
          },
          {
            "text": "because the street will stand out there",
          },
          {
            "text": "all winter, in the quiet air,",
          },
          {
            "text": "with nothing to listen to. Streets can't sing.",
          },
          {
            "text": "So I left it enough noise to last until spring.",
          },
        ],
      },
      "sceneParams": {
        "km": 21.1,
      },
      "stats": [
        {
          "label": "distance",
          "value": "21.1 km",
        },
        {
          "label": "when",
          "value": "June 20, 07:00",
        },
      ],
      "title": "One More, For the Road",
    },
    {
      "atmosphereTags": [],
      "eventType": "longest-run",
      "id": "longest-run:1750417200000",
      "kicker": "in which the distance gets away from you",
      "mapSpec": null,
      "poem": {
        "form": "verse",
        "id": "longest-run/the-hero-and-the-car",
        "lines": [
          {
            "text": "I ran past the mailbox, I ran past the school,",
          },
          {
            "text": "I ran past the sign that says DON'T RUN (a rule),",
          },
          {
            "text": "I ran out of sidewalk, I ran out of street,",
          },
          {
            "text": "I ran out of everything — except for feet.",
          },
          {
            "text": "",
          },
          {
            "text": "21.1 kilometers! I finished! I win!",
          },
          {
            "text": "The town ought to carve me in bronze, or in tin.",
          },
          {
            "text": "How did your hero get home from so far?",
          },
          {
            "text": "...The hero would rather not talk about the car.",
          },
        ],
      },
      "sceneParams": {
        "km": 21.1,
      },
      "stats": [
        {
          "label": "distance",
          "value": "21.1 km",
        },
        {
          "label": "when",
          "value": "June 20, 07:00",
        },
      ],
      "title": "A Distance With No Ending",
    },
  ],
  "colophon": {
    "gpsRunCount": 7,
    "note": "made entirely in your browser; your data never left this page",
    "places": [
      "Mumbai",
      "Lafayette (Indiana)",
    ],
    "runCount": 19,
    "totalKm": 88,
  },
  "dedication": [
    "for the roads of Mumbai and Lafayette (Indiana)",
    "and the 19 runs that drew them",
  ],
  "seed": 1059468397,
  "subtitle": "a year of running, drawn in ink",
  "title": "The Hill I Complained About",
}
`;
