// Vitest Snapshot v1, https://vitest.dev/guide/snapshot.html

exports[`buildBook > matches the golden snapshot 1`] = `
{
  "beasts": [
    {
      "description": "2 runs that quit before a kilometer, shortest just 0.4 km.",
      "kind": "false-start",
      "name": "Two Steps and a Shrug",
    },
    {
      "description": "2 runs after the dark had already signed off, latest at 00:45.",
      "kind": "night",
      "name": "The 00:45",
    },
    {
      "description": "40 days without a single footfall.",
      "kind": "quiet",
      "name": "The Small Quiet",
    },
    {
      "description": "A 60 m climb, met 4 times, and never once forgiven.",
      "kind": "hill",
      "name": "Mount Second Thoughts",
    },
    {
      "description": "300 m of climb the ground never actually had.",
      "kind": "ghost",
      "name": "The Turnaround",
    },
  ],
  "chapters": [
    {
      "atmosphereTags": [],
      "eventType": "first-run",
      "id": "first-run:1735865100000",
      "kicker": "in which the year begins",
      "mapSpec": null,
      "poem": {
        "form": "verse",
        "id": "first-run/the-hardest-part",
        "lines": [
          {
            "text": "The hardest part of any run",
          },
          {
            "text": "is not the hills. It's not the sun.",
          },
          {
            "text": "It's not the dog on Baxter Street.",
          },
          {
            "text": "It's not your lungs. It's not your feet.",
          },
          {
            "text": "",
          },
          {
            "text": "It's seven steps from couch to door.",
          },
          {
            "text": "I trained a month for those. Maybe more.",
          },
          {
            "text": "The other 3.0 kilometers? Free.",
          },
          {
            "text": "(The couch still hasn't forgiven me.)",
          },
        ],
      },
      "sceneParams": {
        "km": 3,
      },
      "stats": [
        {
          "label": "distance",
          "value": "3.0 km",
        },
        {
          "label": "when",
          "value": "January 3, 06:15",
        },
      ],
      "title": "Day One, More or Less",
    },
    {
      "atmosphereTags": [],
      "eventType": "false-starts",
      "id": "false-starts:1735951800000",
      "kicker": "in which the shoes get put back on",
      "mapSpec": null,
      "poem": {
        "form": "notice",
        "id": "false-starts/no-fault-found",
        "lines": [
          {
            "text": "NO FAULT FOUND, reads the report on 2 attempts.",
          },
          {
            "text": "Each one got as far as intending, and stopped.",
          },
          {
            "text": "Intending, the Department notes, is where runs are born.",
          },
          {
            "text": "No run was harmed. Several were merely postponed.",
          },
          {
            "text": "Case closed, with sympathy, and left slightly open.",
          },
        ],
      },
      "sceneParams": {
        "count": 2,
      },
      "stats": [
        {
          "label": "count",
          "value": "2 runs",
        },
        {
          "label": "shortest",
          "value": "0.4 km",
        },
      ],
      "title": "Two Steps and a Shrug",
    },
    {
      "atmosphereTags": [],
      "eventType": "latest-run",
      "id": "latest-run:1737395100000",
      "kicker": "in which the day gets away first",
      "mapSpec": null,
      "poem": {
        "form": "concrete",
        "id": "latest-run/one-light-left-on",
        "lines": [
          {
            "align": "center",
            "text": "the whole town dark",
          },
          {
            "align": "center",
            "text": "except",
          },
          {
            "align": "center",
            "text": "one window",
          },
          {
            "align": "center",
            "text": "one streetlight",
          },
          {
            "align": "center",
            "text": "and, under it,",
          },
          {
            "align": "center",
            "text": "one small",
          },
          {
            "align": "center",
            "text": "insistent",
          },
          {
            "align": "center",
            "text": "moving",
          },
          {
            "align": "center",
            "text": "warmth.",
          },
        ],
      },
      "sceneParams": {},
      "stats": [
        {
          "label": "time",
          "value": "23:15",
        },
        {
          "label": "when",
          "value": "January 20, 23:15",
        },
      ],
      "title": "Later Than Planned",
    },
    {
      "atmosphereTags": [
        "fireflies",
      ],
      "eventType": "night-runs",
      "id": "night-runs:1737395100000",
      "kicker": "in which the dark keeps you company",
      "mapSpec": null,
      "poem": {
        "form": "quatrain",
        "id": "night-runs/the-dark-made-room",
        "lines": [
          {
            "text": "The dark is not as empty as they say.",
          },
          {
            "text": "It's mostly full of people staying in.",
          },
          {
            "text": "You were the one small motion in it, moving,",
          },
          {
            "text": "and the dark, to its own surprise, made room.",
          },
        ],
      },
      "sceneParams": {
        "count": 2,
      },
      "stats": [
        {
          "label": "nights",
          "value": "2 nights",
        },
        {
          "label": "latest",
          "value": "00:45",
        },
      ],
      "title": "The 00:45",
    },
    {
      "atmosphereTags": [],
      "eventType": "earliest-run",
      "id": "earliest-run:1737400500000",
      "kicker": "in which the dawn is beaten to the punch",
      "mapSpec": null,
      "poem": {
        "form": "concrete",
        "id": "earliest-run/the-edge-of-the-light",
        "lines": [
          {
            "indent": 0,
            "text": "dark",
          },
          {
            "indent": 0,
            "text": "still dark",
          },
          {
            "indent": 1,
            "text": "dark",
          },
          {
            "indent": 1,
            "text": "a thread of gray",
          },
          {
            "indent": 2,
            "text": "a seam of pink",
          },
          {
            "indent": 2,
            "text": "the whole east",
          },
          {
            "indent": 3,
            "text": "coming apart",
          },
          {
            "indent": 3,
            "text": "quietly at first",
          },
          {
            "indent": 3,
            "text": "then all at once —",
          },
          {
            "indent": 3,
            "text": "and you already out in it.",
          },
        ],
      },
      "sceneParams": {},
      "stats": [
        {
          "label": "time",
          "value": "00:45",
        },
        {
          "label": "when",
          "value": "January 21, 00:45",
        },
      ],
      "title": "Before the Rooster",
    },
    {
      "atmosphereTags": [],
      "eventType": "streak",
      "id": "streak:1738373400000",
      "kicker": "in which the mornings pile up",
      "mapSpec": null,
      "poem": {
        "form": "quatrain",
        "id": "streak/a-small-god",
        "lines": [
          {
            "text": "The streak is a small god with a simple rule.",
          },
          {
            "text": "It does not care for reasons. It counts.",
          },
          {
            "text": "Miss one dawn and it forgets your name entirely,",
          },
          {
            "text": "and every day you gave it turns to smoke.",
          },
        ],
      },
      "sceneParams": {
        "days": 6,
      },
      "stats": [
        {
          "label": "length",
          "value": "6 days",
        },
        {
          "label": "from",
          "value": "February 1",
        },
      ],
      "title": "The Stubborn Streak",
    },
    {
      "atmosphereTags": [],
      "eventType": "quiet",
      "id": "quiet:1738805400000",
      "kicker": "in which nothing happens, loudly",
      "mapSpec": {
        "kind": "route",
        "runId": "r12-quiet-end-fastest",
      },
      "poem": {
        "form": "list",
        "id": "quiet/what-the-quiet-kept",
        "lines": [
          {
            "text": "What the quiet kept while you were gone:",
          },
          {
            "indent": 1,
            "text": "the shape of you, pressed into the couch;",
          },
          {
            "indent": 1,
            "text": "one resolution, folded very small;",
          },
          {
            "indent": 1,
            "text": "the shoes, in their patient, dog-like way;",
          },
          {
            "indent": 1,
            "text": "a Tuesday you had promised things to;",
          },
          {
            "indent": 1,
            "text": "and the door, still willing, still unlocked.",
          },
        ],
      },
      "sceneParams": {
        "days": 40,
      },
      "stats": [
        {
          "label": "silence",
          "value": "40 days",
        },
        {
          "label": "from",
          "value": "February 6, 07:00",
        },
      ],
      "title": "The Small Quiet",
    },
    {
      "atmosphereTags": [],
      "eventType": "fastest-run",
      "id": "fastest-run:1742261400000",
      "kicker": "in which the wind gives up first",
      "mapSpec": {
        "kind": "route",
        "runId": "r12-quiet-end-fastest",
      },
      "poem": {
        "form": "verse",
        "id": "fastest-run/downhill-confession",
        "lines": [
          {
            "text": "The block declared me fastest kid.",
          },
          {
            "text": "I let them cheer. I never hid.",
          },
          {
            "text": "The record's real. The legs are true.",
          },
          {
            "text": "And yet, a fact I'll share with you:",
          },
          {
            "text": "",
          },
          {
            "text": "the whole way back was down a hill.",
          },
          {
            "text": "A big one. And I'm counting it still.",
          },
        ],
      },
      "sceneParams": {
        "km": 5,
        "paceMinPerKm": 4.4,
      },
      "stats": [
        {
          "label": "pace",
          "value": "4:24 /km",
        },
        {
          "label": "distance",
          "value": "5.0 km",
        },
      ],
      "title": "Faster Than the Excuse",
    },
    {
      "atmosphereTags": [],
      "eventType": "journey",
      "id": "journey:1743508800000",
      "kicker": "in which the map gets crowded",
      "mapSpec": {
        "from": {
          "lat": 19.08,
          "lon": 72.88,
          "name": "Mumbai",
        },
        "kind": "flight",
        "km": 13077.115645908163,
        "to": {
          "lat": 40.415,
          "lon": -86.925,
          "name": "Lafayette (Indiana)",
        },
      },
      "poem": {
        "form": "concrete",
        "id": "journey/the-long-arc",
        "lines": [
          {
            "align": "center",
            "text": "here",
          },
          {
            "align": "center",
            "text": "then a long",
          },
          {
            "align": "center",
            "text": "arcing",
          },
          {
            "align": "center",
            "text": "line",
          },
          {
            "align": "center",
            "text": "over the ocean",
          },
          {
            "align": "center",
            "text": "to there —",
          },
          {
            "align": "center",
            "text": "and then, absurdly,",
          },
          {
            "align": "center",
            "text": "a small loop",
          },
          {
            "align": "center",
            "text": "on foot.",
          },
        ],
      },
      "sceneParams": {
        "km": 13077.115645908163,
      },
      "stats": [
        {
          "label": "distance",
          "value": "13077.1 km",
        },
        {
          "label": "when",
          "value": "April 1, 08:00",
        },
      ],
      "title": "A Very Large Commute",
    },
    {
      "atmosphereTags": [],
      "eventType": "hill-beast",
      "id": "hill-beast:1744284600000",
      "kicker": "in which a hill becomes a rival",
      "mapSpec": {
        "kind": "route",
        "runId": "r17-hillroute-4",
      },
      "poem": {
        "form": "list",
        "id": "hill-beast/what-it-took-and-gave",
        "lines": [
          {
            "text": "What the great hill took from you, and gave:",
          },
          {
            "indent": 1,
            "text": "took your breath, and gave it back in gulps;",
          },
          {
            "indent": 1,
            "text": "took your pace, and gave a slower, truer one;",
          },
          {
            "indent": 1,
            "text": "took the easy story you told about yourself;",
          },
          {
            "indent": 1,
            "text": "gave a harder one, with better standing in it;",
          },
          {
            "indent": 1,
            "text": "and kept, the way beasts do, the view up top.",
          },
        ],
      },
      "sceneParams": {
        "gainM": 60,
      },
      "stats": [
        {
          "label": "climb",
          "value": "60 m",
        },
        {
          "label": "grade",
          "value": "6.4%",
        },
        {
          "label": "times",
          "value": "4 times",
        },
      ],
      "title": "Mount Second Thoughts",
    },
    {
      "atmosphereTags": [],
      "eventType": "route-champion",
      "id": "route-champion:1744284600000",
      "kicker": "in which one road becomes a habit",
      "mapSpec": {
        "kind": "route",
        "runId": "r17-hillroute-4",
      },
      "poem": {
        "form": "list",
        "id": "route-champion/what-it-still-hides",
        "lines": [
          {
            "text": "Things your oldest route is still hiding from you:",
          },
          {
            "indent": 1,
            "text": "a side street you have never once turned down;",
          },
          {
            "indent": 1,
            "text": "the garden that blooms the weeks you're away;",
          },
          {
            "indent": 1,
            "text": "one bench it is saving for your slower years;",
          },
          {
            "indent": 1,
            "text": "a shortcut it has decided you don't need;",
          },
          {
            "indent": 1,
            "text": "and what it does at night, when no one's running.",
          },
        ],
      },
      "sceneParams": {
        "count": 4,
        "km": 3.2,
      },
      "stats": [
        {
          "label": "runs",
          "value": "4 times",
        },
        {
          "label": "distance",
          "value": "3.2 km",
        },
      ],
      "title": "The Short Way",
    },
    {
      "atmosphereTags": [],
      "eventType": "ghost-elevation",
      "id": "ghost-elevation:1749123000000",
      "kicker": "in which the watch imagines things",
      "mapSpec": {
        "kind": "route",
        "runId": "r18-ghost-hilliest",
      },
      "poem": {
        "form": "dialogue",
        "id": "ghost-elevation/believe-your-feet",
        "lines": [
          {
            "text": "You gained elevation, the GPS announced, brightly.",
            "voice": 1,
          },
          {
            "text": "On a flat loop? you said. Where? Show me the hill.",
            "voice": 2,
          },
          {
            "text": "I cannot show you the hill, it admitted, softly.",
            "voice": 1,
          },
          {
            "text": "The hill declines to appear on any map but mine.",
            "voice": 1,
          },
          {
            "text": "Then it isn't real, you said. It rose all the same.",
            "voice": 2,
          },
          {
            "text": "Believe the numbers, it whispered, or your feet.",
            "voice": 1,
          },
        ],
      },
      "sceneParams": {
        "gainM": 300,
      },
      "stats": [
        {
          "label": "climb",
          "value": "300 m",
        },
        {
          "label": "when",
          "value": "June 5, 07:30",
        },
      ],
      "title": "The Turnaround",
    },
    {
      "atmosphereTags": [],
      "eventType": "last-run",
      "id": "last-run:1750417200000",
      "kicker": "in which the year comes home",
      "mapSpec": null,
      "poem": {
        "form": "verse",
        "id": "last-run/dear-next-year",
        "lines": [
          {
            "text": "Dear Next Year — quick, before you start:",
          },
          {
            "text": "bring hills. I've grown to like the hard part.",
          },
          {
            "text": "Bring rain. I have a hood. Bring cold.",
          },
          {
            "text": "Bring mornings made of dark and gold.",
          },
          {
            "text": "",
          },
          {
            "text": "Don't change the dog. Don't change the bend",
          },
          {
            "text": "where the puddle lives. And don't pretend",
          },
          {
            "text": "you're new. You're just the old year, dressed.",
          },
          {
            "text": "(I liked the old year. Do your best.)",
          },
        ],
      },
      "sceneParams": {
        "km": 21.1,
      },
      "stats": [
        {
          "label": "distance",
          "value": "21.1 km",
        },
        {
          "label": "when",
          "value": "June 20, 07:00",
        },
      ],
      "title": "One More, For the Road",
    },
    {
      "atmosphereTags": [],
      "eventType": "longest-run",
      "id": "longest-run:1750417200000",
      "kicker": "in which the distance gets away from you",
      "mapSpec": null,
      "poem": {
        "form": "verse",
        "id": "longest-run/the-hero-and-the-car",
        "lines": [
          {
            "text": "I ran past the mailbox, I ran past the school,",
          },
          {
            "text": "I ran past the sign that says DON'T RUN (a rule),",
          },
          {
            "text": "I ran out of sidewalk, I ran out of street,",
          },
          {
            "text": "I ran out of everything — except for feet.",
          },
          {
            "text": "",
          },
          {
            "text": "21.1 kilometers! I finished! I win!",
          },
          {
            "text": "The town ought to carve me in bronze, or in tin.",
          },
          {
            "text": "How did your hero get home from so far?",
          },
          {
            "text": "...The hero would rather not talk about the car.",
          },
        ],
      },
      "sceneParams": {
        "km": 21.1,
      },
      "stats": [
        {
          "label": "distance",
          "value": "21.1 km",
        },
        {
          "label": "when",
          "value": "June 20, 07:00",
        },
      ],
      "title": "A Distance With No Ending",
    },
  ],
  "colophon": {
    "gpsRunCount": 7,
    "note": "made entirely in your browser; your data never left this page",
    "places": [
      "Mumbai",
      "Lafayette (Indiana)",
    ],
    "runCount": 19,
    "totalKm": 88,
  },
  "dedication": [
    "for the roads of Mumbai and Lafayette (Indiana)",
    "and the 19 runs that drew them",
  ],
  "seed": 1059468397,
  "subtitle": "a year of running, drawn in ink",
  "title": "The Hill I Complained About",
}
`;
